// Jest Snapshot v1, https://goo.gl/fbAQLP

exports[`SocialBar snapshot renders correctly 1`] = `
<div
  className="MuiContainer-root MuiContainer-maxWidthXl"
>
  <div
    className="MuiTypography-root MuiTypography-body1"
    style={
      Object {
        "backgroundColor": "#cfe8fc",
        "height": "100vh",
      }
    }
  >
    social media linkss
  </div>
</div>
`;
